node.exe : ΓÜá Warning: 
Next.js inferred your 
workspace root, but it may 
not be correct.
At C:\Program 
Files\nodejs\npx.ps1:29 
char:3
+   & $NODE_EXE 
$NPX_CLI_JS $args
+   ~~~~~~~~~~~~~~~~~~~~~~~
~~~~~~
    + CategoryInfo         
     : NotSpecified: (ΓÜá  
   Warning: Ne...not be    
 correct.:String) [], R    
emoteException
    + FullyQualifiedErrorI 
   d : NativeCommandError
 
 We detected multiple 
lockfiles and selected the 
directory of C:\Users\susmi
\vocentra\package-lock.json
 as the root directory.
 To silence this warning, 
set `turbopack.root` in 
your Next.js config, or 
consider removing one of 
the lockfiles if it's not 
needed.
   See https://nextjs.org/d
ocs/app/api-reference/confi
g/next-config-js/turbopack#
root-directory for more 
information.
 Detected additional 
lockfiles: 
   * C:\Users\susmi\vocentr
a\frontend\package-lock.jso
n

Γû▓ Next.js 16.1.6 (Turbopack)

ΓÜá The "middleware" file 
convention is deprecated. 
Please use "proxy" 
instead. Learn more: https:
//nextjs.org/docs/messages/
middleware-to-proxy
  Creating an optimized production build ...
Γ£ô Compiled successfully in 4.2s
  Running TypeScript ...
  Collecting page data using 11 workers ...
  Generating static pages using 11 workers (0/33) ...
  Generating static pages using 11 workers (8/33) 
  Generating static pages using 11 workers (16/33) 
  Generating static pages using 11 workers (24/33) 
Γ£ô Generating static pages using 11 workers (33/33) in 722.8ms
  Finalizing page optimization ...

Route (app)
Γöî Γùï /
Γö£ Γùï /_not-found
Γö£ ╞Æ /api/progress
Γö£ Γùï /dashboard
Γö£ Γùï /dashboard/career
Γö£ Γùï /dashboard/career/linkedin-optimizer
Γö£ Γùï /dashboard/career/project-generator
Γö£ Γùï /dashboard/communication
Γö£ Γùï /dashboard/communication/conversation-practice
Γö£ Γùï /dashboard/communication/grammar-correction
Γö£ Γùï /dashboard/communication/speaking
Γö£ Γùï /dashboard/communication/speaking/session
Γö£ Γùï /dashboard/communication/vocabulary-builder
Γö£ Γùï /dashboard/confidence
Γö£ Γùï /dashboard/confidence/mindset-shifts
Γö£ Γùï /dashboard/confidence/public-speaking
Γö£ Γùï /dashboard/personality
Γö£ Γùï /dashboard/personality/confidence-building
Γö£ Γùï /dashboard/personality/emotional-intelligence
Γö£ Γùï /dashboard/personality/self-discovery
Γö£ Γùï /dashboard/personality/social-skills
Γö£ Γùï /dashboard/profile
Γö£ Γùï /dashboard/settings
Γö£ Γùï /dashboard/vocabulary
Γö£ Γùï /dashboard/vocabulary/discover
Γö£ Γùï /dashboard/vocabulary/learn
Γö£ Γùï /dashboard/vocabulary/library
Γö£ Γùï /dashboard/vocabulary/practice
Γö£ Γùï /login
Γö£ Γùï /onboarding
Γö£ Γùï /register
Γöö Γùï /verify


╞Æ Proxy (Middleware)

Γùï  (Static)   prerendered as static content
╞Æ  (Dynamic)  server-rendered on demand

